2016-07-28 20:32:47 [INFO ] [] XPayClient initialize [/home/frienpi/www/module/shop/pg/lgdacom] []
2016-07-28 20:32:47 [DEBUG] [] Config [server_id] = [01]
2016-07-28 20:32:47 [DEBUG] [] Config [timeout] = [60]
2016-07-28 20:32:47 [DEBUG] [] Config [log_level] = [4]
2016-07-28 20:32:47 [DEBUG] [] Config [verify_cert] = [1]
2016-07-28 20:32:47 [DEBUG] [] Config [verify_host] = [1]
2016-07-28 20:32:47 [DEBUG] [] Config [report_error] = [1]
2016-07-28 20:32:47 [DEBUG] [] Config [output_UTF8] = [1]
2016-07-28 20:32:47 [DEBUG] [] Config [auto_rollback] = [1]
2016-07-28 20:32:47 [DEBUG] [] Config [log_dir] = [/home/frienpi/www/module/shop/pg/lgdacom/log]
2016-07-28 20:32:47 [DEBUG] [] Config [tlgdacomxpay] = [95160cce09854ef44d2edb2bfb05f9f3]
2016-07-28 20:32:47 [DEBUG] [] Config [lgdacomxpay] = [95160cce09854ef44d2edb2bfb05f9f3]
2016-07-28 20:32:47 [DEBUG] [] Config [url] = [https://xpayclient.lgdacom.net/xpay/Gateway.do]
2016-07-28 20:32:47 [DEBUG] [] Config [test_url] = [https://xpayclient.lgdacom.net:7443/xpay/Gateway.do]
2016-07-28 20:32:47 [DEBUG] [] Config [aux_url] = [http://xpayclient.lgdacom.net:7080/xpay/Gateway.do]
2016-07-28 20:32:47 [FATAL] [] Key for MID [taegis] does not exist in mall.conf
2016-07-28 20:36:21 [INFO ] [] XPayClient initialize [/home/frienpi/www/module/shop/pg/lgdacom] []
2016-07-28 20:36:21 [DEBUG] [] Config [server_id] = [01]
2016-07-28 20:36:21 [DEBUG] [] Config [timeout] = [60]
2016-07-28 20:36:21 [DEBUG] [] Config [log_level] = [4]
2016-07-28 20:36:21 [DEBUG] [] Config [verify_cert] = [1]
2016-07-28 20:36:21 [DEBUG] [] Config [verify_host] = [1]
2016-07-28 20:36:21 [DEBUG] [] Config [report_error] = [1]
2016-07-28 20:36:21 [DEBUG] [] Config [output_UTF8] = [1]
2016-07-28 20:36:21 [DEBUG] [] Config [auto_rollback] = [1]
2016-07-28 20:36:21 [DEBUG] [] Config [log_dir] = [/home/frienpi/www/module/shop/pg/lgdacom/log]
2016-07-28 20:36:21 [DEBUG] [] Config [tlgdacomxpay] = [95160cce09854ef44d2edb2bfb05f9f3]
2016-07-28 20:36:21 [DEBUG] [] Config [lgdacomxpay] = [95160cce09854ef44d2edb2bfb05f9f3]
2016-07-28 20:36:21 [DEBUG] [] Config [url] = [https://xpayclient.lgdacom.net/xpay/Gateway.do]
2016-07-28 20:36:21 [DEBUG] [] Config [test_url] = [https://xpayclient.lgdacom.net:7443/xpay/Gateway.do]
2016-07-28 20:36:21 [DEBUG] [] Config [aux_url] = [http://xpayclient.lgdacom.net:7080/xpay/Gateway.do]
2016-07-28 20:36:21 [FATAL] [] Key for MID [taegis] does not exist in mall.conf
2016-07-28 20:36:38 [INFO ] [] XPayClient initialize [/home/frienpi/www/module/shop/pg/lgdacom] []
2016-07-28 20:36:38 [DEBUG] [] Config [server_id] = [01]
2016-07-28 20:36:38 [DEBUG] [] Config [timeout] = [60]
2016-07-28 20:36:38 [DEBUG] [] Config [log_level] = [4]
2016-07-28 20:36:38 [DEBUG] [] Config [verify_cert] = [1]
2016-07-28 20:36:38 [DEBUG] [] Config [verify_host] = [1]
2016-07-28 20:36:38 [DEBUG] [] Config [report_error] = [1]
2016-07-28 20:36:38 [DEBUG] [] Config [output_UTF8] = [1]
2016-07-28 20:36:38 [DEBUG] [] Config [auto_rollback] = [1]
2016-07-28 20:36:38 [DEBUG] [] Config [log_dir] = [/home/frienpi/www/module/shop/pg/lgdacom/log]
2016-07-28 20:36:38 [DEBUG] [] Config [tlgdacomxpay] = [95160cce09854ef44d2edb2bfb05f9f3]
2016-07-28 20:36:38 [DEBUG] [] Config [lgdacomxpay] = [95160cce09854ef44d2edb2bfb05f9f3]
2016-07-28 20:36:38 [DEBUG] [] Config [url] = [https://xpayclient.lgdacom.net/xpay/Gateway.do]
2016-07-28 20:36:38 [DEBUG] [] Config [test_url] = [https://xpayclient.lgdacom.net:7443/xpay/Gateway.do]
2016-07-28 20:36:38 [DEBUG] [] Config [aux_url] = [http://xpayclient.lgdacom.net:7080/xpay/Gateway.do]
2016-07-28 20:36:38 [FATAL] [] Key for MID [taegis] does not exist in mall.conf
2016-07-28 20:37:44 [INFO ] [] XPayClient initialize [/home/frienpi/www/module/shop/pg/lgdacom] []
2016-07-28 20:37:44 [DEBUG] [] Config [server_id] = [01]
2016-07-28 20:37:44 [DEBUG] [] Config [timeout] = [60]
2016-07-28 20:37:44 [DEBUG] [] Config [log_level] = [4]
2016-07-28 20:37:44 [DEBUG] [] Config [verify_cert] = [1]
2016-07-28 20:37:44 [DEBUG] [] Config [verify_host] = [1]
2016-07-28 20:37:44 [DEBUG] [] Config [report_error] = [1]
2016-07-28 20:37:44 [DEBUG] [] Config [output_UTF8] = [1]
2016-07-28 20:37:44 [DEBUG] [] Config [auto_rollback] = [1]
2016-07-28 20:37:44 [DEBUG] [] Config [log_dir] = [/home/frienpi/www/module/shop/pg/lgdacom/log]
2016-07-28 20:37:44 [DEBUG] [] Config [tlgdacomxpay] = [95160cce09854ef44d2edb2bfb05f9f3]
2016-07-28 20:37:44 [DEBUG] [] Config [lgdacomxpay] = [95160cce09854ef44d2edb2bfb05f9f3]
2016-07-28 20:37:44 [DEBUG] [] Config [url] = [https://xpayclient.lgdacom.net/xpay/Gateway.do]
2016-07-28 20:37:44 [DEBUG] [] Config [test_url] = [https://xpayclient.lgdacom.net:7443/xpay/Gateway.do]
2016-07-28 20:37:44 [DEBUG] [] Config [aux_url] = [http://xpayclient.lgdacom.net:7080/xpay/Gateway.do]
2016-07-28 20:37:44 [FATAL] [] Key for MID [taegis] does not exist in mall.conf
